[2026-07-23 06:59:30] [IP: ::1] User ID 2 registered and logged in successfully
[2026-07-23 07:07:42] [IP: ::1] User ID 2 logged out successfully
[2026-07-23 07:21:25] [IP: ::1] User ID 1 logged in via Google OAuth successfully
[2026-07-23 09:19:21] [IP: ::1] Session timeout (idle) for User ID: 1
[2026-07-23 09:19:29] [IP: ::1] User ID 1 logged in via Google OAuth successfully
[2026-07-23 09:36:45] [IP: ::1] Session timeout (idle) for User ID: 1
[2026-07-23 09:36:53] [IP: ::1] User ID 1 logged in via Google OAuth successfully
[2026-07-23 09:58:24] [IP: ::1] Google OAuth login block: User ID 1 is locked.
[2026-07-23 09:58:38] [IP: ::1] Google OAuth login block: User ID 1 is locked.
[2026-07-23 09:59:56] [IP: ::1] User ID 1 logged in via Google OAuth successfully
[2026-07-23 10:19:40] [IP: ::1] Session timeout (idle) for User ID: 1
[2026-07-23 10:20:33] [IP: ::1] User ID 1 logged in via Google OAuth successfully
[2026-07-23 10:48:10] [IP: ::1] Session timeout (idle) for User ID: 1
[2026-07-23 10:48:27] [IP: ::1] User ID 1 logged in via Google OAuth successfully
[2026-07-23 11:31:09] [IP: ::1] Google OAuth login block: User ID 1 is locked.
[2026-07-23 11:31:40] [IP: ::1] User ID 1 logged in via Google OAuth successfully
[2026-07-23 12:01:29] [IP: ::1] Failed login attempt for: admin
[2026-07-23 12:02:03] [IP: ::1] Failed login attempt for: admin
[2026-07-23 12:02:52] [IP: ::1] Failed login attempt for: admin
[2026-07-23 12:04:34] [IP: ::1] Failed login attempt for: admin
[2026-07-23 12:05:08] [IP: ::1] Failed login attempt for: admin@gmail.com
[2026-07-23 12:06:50] [IP: ::1] User ID 3 registered and logged in successfully
[2026-07-23 12:06:58] [IP: ::1] Unauthorized access attempt to admin.php by User ID 3
[2026-07-23 12:07:23] [IP: ::1] User ID 3 logged out successfully
[2026-07-23 12:12:11] [IP: ::1] Session timeout (idle) for User ID: 1
[2026-07-23 12:12:21] [IP: ::1] User ID 1 logged in via Google OAuth successfully
[2026-07-24 04:16:42] [IP: ::1] User ID 1 logged in via Google OAuth successfully
[2026-07-24 04:27:12] [IP: ::1] User ID 1 logged out successfully
[2026-07-24 04:27:29] [IP: ::1] User ID 1 logged in via Google OAuth successfully
[2026-07-24 04:27:48] [IP: ::1] User ID 1 logged out successfully
[2026-07-24 04:27:55] [IP: ::1] User ID 2 logged in via Google OAuth successfully
[2026-07-24 04:28:37] [IP: ::1] User ID 2 logged out successfully
[2026-07-24 04:28:43] [IP: ::1] User ID 1 logged in via Google OAuth successfully
[2026-07-24 04:29:08] [IP: ::1] User ID 1 logged out successfully
[2026-07-24 04:29:15] [IP: ::1] User ID 2 logged in via Google OAuth successfully
[2026-07-24 04:29:35] [IP: ::1] User ID 2 logged out successfully
[2026-07-24 04:29:44] [IP: ::1] User ID 1 logged in via Google OAuth successfully
[2026-07-24 04:31:52] [IP: ::1] User ID 1 logged out successfully
[2026-07-24 04:32:01] [IP: ::1] User ID 6 logged in via Google OAuth successfully
[2026-07-24 04:32:05] [IP: ::1] User ID 6 logged out successfully
[2026-07-24 04:32:12] [IP: ::1] User ID 1 logged in via Google OAuth successfully
[2026-07-24 04:32:38] [IP: ::1] User ID 1 logged out successfully
[2026-07-24 04:32:45] [IP: ::1] Google OAuth login block: User ID 6 is locked.
[2026-07-24 04:33:12] [IP: ::1] User ID 1 logged in via Google OAuth successfully
[2026-07-27 06:30:21] [IP: ::1] User ID 1 logged in via Google OAuth successfully
[2026-07-27 06:32:41] [IP: ::1] User ID 1 logged out successfully
[2026-07-27 06:32:54] [IP: ::1] User ID 1 logged in via Google OAuth successfully
[2026-07-27 08:39:40] [IP: ::1] User ID 1 logged out successfully
[2026-07-27 06:44:51] [IP: ::1] User ID 1 logged out successfully
[2026-07-27 06:44:58] [IP: ::1] User ID 1 logged in via Google OAuth successfully
[2026-07-27 08:46:29] [IP: ::1] User ID 1 logged in via Google OAuth successfully
[2026-07-27 09:06:38] [IP: ::1] User ID 1 logged in successfully
[2026-07-27 09:07:35] [IP: ::1] Session timeout (idle) for User ID: 1
[2026-07-27 09:07:48] [IP: ::1] User ID 1 logged in via Google OAuth successfully
[2026-07-27 09:10:56] [IP: ::1] User ID 1 logged in successfully
[2026-07-27 10:17:55] [IP: ::1] Session timeout (idle) for User ID: 1
[2026-07-27 10:19:05] [IP: ::1] User ID 1 logged in via Google OAuth successfully
[2026-07-27 11:16:51] [IP: ::1] Session timeout (idle) for User ID: 1
[2026-07-27 11:17:01] [IP: ::1] User ID 2 logged in via Google OAuth successfully
[2026-07-29 10:24:38] [IP: ::1] User ID 1 logged in via Google OAuth successfully
[2026-07-29 10:34:47] [IP: ::1] User ID 1 logged out successfully
[2026-07-29 10:34:53] [IP: ::1] User ID 1 logged in via Google OAuth successfully
[2026-07-29 10:38:43] [IP: 0.0.0.0] CSRF Validation Failed for method: POST
[2026-07-29 10:39:20] [IP: 0.0.0.0] CSRF Validation Failed for method: POST
[2026-07-29 10:44:24] [IP: ::1] User ID 1 logged out successfully
[2026-07-29 10:44:31] [IP: ::1] User ID 2 logged in via Google OAuth successfully
[2026-07-29 11:02:59] [IP: ::1] Session timeout (idle) for User ID: 2
[2026-07-29 11:03:33] [IP: ::1] User ID 1 logged in via Google OAuth successfully
[2026-07-29 11:26:17] [IP: ::1] User ID 1 logged out successfully
[2026-07-29 11:26:31] [IP: ::1] User ID 2 logged in via Google OAuth successfully
[2026-07-29 11:27:17] [IP: ::1] User ID 2 logged out successfully
[2026-07-29 11:27:28] [IP: ::1] User ID 1 logged in via Google OAuth successfully
[2026-07-29 11:28:22] [IP: ::1] User ID 1 logged out successfully
[2026-07-29 11:28:30] [IP: ::1] User ID 2 logged in via Google OAuth successfully
[2026-08-03 07:53:15] [IP: ::1] User ID 1 logged in via Google OAuth successfully
[2026-08-03 10:31:36] [IP: ::1] Session timeout (idle) for User ID: 1
[2026-08-03 10:52:01] [IP: ::1] User ID 1 logged in via Google OAuth successfully
[2026-08-06 14:37:53] [IP: ::1] User ID 1 logged in via Google OAuth successfully
[2026-08-06 14:56:01] [IP: ::1] User ID 8 registered and logged in successfully
[2026-08-06 15:04:38] [IP: ::1] Session timeout (idle) for User ID: 1
[2026-08-06 15:04:46] [IP: ::1] User ID 1 logged in via Google OAuth successfully
[2026-08-06 15:06:18] [IP: ::1] User ID 1 logged out successfully
[2026-08-06 15:06:28] [IP: ::1] User ID 5 logged in successfully
[2026-08-06 15:12:33] [IP: ::1] User ID 7 logged in successfully
[2026-08-06 15:17:25] [IP: ::1] User ID 7 logged in successfully
[2026-08-06 15:24:35] [IP: ::1] Unauthorized GET request to logout.php blocked
[2026-08-06 15:24:55] [IP: ::1] User ID 7 logged out successfully
[2026-08-06 15:26:17] [IP: ::1] User ID 9 registered and logged in successfully
[2026-08-06 15:26:50] [IP: ::1] User ID 9 logged out successfully
[2026-08-06 15:27:19] [IP: ::1] User ID 6 logged in successfully
[2026-08-07 02:29:23] [IP: ::1] User ID 1 logged in via Google OAuth successfully
[2026-08-07 02:31:22] [IP: ::1] User ID 2 logged in via Google OAuth successfully
[2026-08-07 02:32:50] [IP: ::1] User ID 1 logged out successfully
[2026-08-07 02:37:40] [IP: ::1] User ID 11 registered and logged in successfully
[2026-08-07 02:37:55] [IP: ::1] User ID 11 logged out successfully
[2026-08-07 02:40:06] [IP: ::1] User ID 2 logged in via Google OAuth successfully
[2026-08-07 02:47:18] [IP: ::1] User ID 2 logged out successfully
[2026-08-07 02:48:10] [IP: ::1] User ID 1 logged in via Google OAuth successfully
[2026-08-07 02:48:42] [IP: ::1] User ID 1 logged out successfully
[2026-08-07 02:52:59] [IP: ::1] User ID 12 logged in via Google OAuth successfully
[2026-08-07 02:58:52] [IP: ::1] User ID 12 logged out successfully
[2026-08-07 03:08:22] [IP: ::1] User ID 12 logged in via Google OAuth successfully
[2026-08-07 03:19:10] [IP: ::1] User ID 12 logged out successfully
[2026-08-07 03:19:19] [IP: ::1] User ID 1 logged in via Google OAuth successfully
[2026-08-07 03:28:05] [IP: ::1] User ID 1 logged out successfully
[2026-08-07 03:29:21] [IP: ::1] Password reset successfully for email: anhduylehuynh@gmail.com
[2026-08-07 03:29:28] [IP: ::1] User ID 1 logged in via Google OAuth successfully
[2026-08-07 03:29:35] [IP: ::1] User ID 1 logged out successfully
[2026-08-07 03:41:07] [IP: ::1] User ID 13 verified email and registered successfully
[2026-08-07 03:41:39] [IP: ::1] User ID 1 logged in via Google OAuth successfully
[2026-08-07 03:42:32] [IP: ::1] User ID 13 logged out successfully
[2026-08-07 03:43:32] [IP: ::1] Password reset successfully for email: anhkhoalehuynhvl2014@gmail.com
[2026-08-07 03:45:24] [IP: ::1] Failed login attempt for: anhkhoa
[2026-08-07 03:45:48] [IP: ::1] User ID 13 logged in successfully
